// Jest Snapshot v1, https://goo.gl/fbAQLP

exports[`Snapshots Renders correctly 1`] = `
<div
  className="home-container"
>
  <h3>
    We're technically still under construction...
  </h3>
  <h4>
    But please check out some of my
    <a
      href="/portfolio"
    >
      current projects!
    </a>
  </h4>
</div>
`;
