// Jest Snapshot v1, https://goo.gl/fbAQLP

exports[`Snapshots Renders correctly 1`] = `
<div
  className="navbar-container"
>
  <div
    className="main-links"
  >
    <ul
      className="nav-list"
    >
      <li
        className="nav-list-item"
      >
        <a
          className="nav-link"
          href="/"
          onClick={[Function]}
        >
          Home
        </a>
      </li>
      <li
        className="nav-list-item"
      >
        <a
          className="nav-link"
          href="/portfolio"
          onClick={[Function]}
        >
          Portfolio
        </a>
      </li>
      <li
        className="nav-list-item"
      >
        <a
          className="nav-link"
          href="/contact"
          onClick={[Function]}
        >
          Contact
        </a>
      </li>
    </ul>
  </div>
</div>
`;
