// Jest Snapshot v1, https://goo.gl/fbAQLP

exports[`Snapshots Renders correctly 1`] = `
<div
  className="navbar-wrapper"
>
  <div
    className="main-links"
  >
    <ul>
      <li>
        <a
          href="/"
          onClick={[Function]}
        >
          Home
        </a>
      </li>
      <li>
        <a
          href="/about"
          onClick={[Function]}
        >
          About
        </a>
      </li>
      <li>
        <a
          href="/portfolio"
          onClick={[Function]}
        >
          Portfolio
        </a>
      </li>
      <li>
        <a
          href="/samples"
          onClick={[Function]}
        >
          Sample Sites
        </a>
      </li>
      <li>
        <a
          href="/contact"
          onClick={[Function]}
        >
          Contact
        </a>
      </li>
    </ul>
  </div>
</div>
`;
