// Jest Snapshot v1, https://goo.gl/fbAQLP

exports[`Snapshots Renders correctly 1`] = `
<div>
  <div
    className="portfolio-container"
  >
    <div
      className="project-list-container"
    >
      <ul>
        <li>
          <div
            className="project-card-container"
          >
            <a
              className="githubLink"
              href="https://github.com/jwu910/check-it-out"
            >
              <div
                className="card-wrapper"
              >
                <div
                  className="card-box"
                >
                  <div
                    className="card-title"
                  >
                    <span
                      className="title"
                    >
                      Check It Out
                    </span>
                  </div>
                  <div
                    className="card-content"
                  >
                    <a
                      href="https://check-it-out.club"
                    />
                  </div>
                </div>
              </div>
            </a>
          </div>
        </li>
        <li>
          <div
            className="project-card-container"
          >
            <a
              className="githubLink"
              href="https://github.com/jwu910/branchnote"
            >
              <div
                className="card-wrapper"
              >
                <div
                  className="card-box"
                >
                  <div
                    className="card-title"
                  >
                    <span
                      className="title"
                    >
                      Branchnote
                    </span>
                  </div>
                  <div
                    className="card-content"
                  >
                    <a
                      href="https://github.com/jwu910"
                    />
                  </div>
                </div>
              </div>
            </a>
          </div>
        </li>
        <li>
          <div
            className="project-card-container"
          >
            <a
              className="githubLink"
              href="https://github.comtest"
            >
              <div
                className="card-wrapper"
              >
                <div
                  className="card-box"
                >
                  <div
                    className="card-title"
                  >
                    <span
                      className="title"
                    >
                      test
                    </span>
                  </div>
                  <div
                    className="card-content"
                  >
                    <a
                      href="test"
                    />
                  </div>
                </div>
              </div>
            </a>
          </div>
        </li>
      </ul>
    </div>
  </div>
</div>
`;
