// Jest Snapshot v1, https://goo.gl/fbAQLP

exports[`Snapshots Renders correctly 1`] = `
<div
  className="project-list-container"
>
  <ul>
    <li>
      <div
        className="project-card-container"
      >
        <div
          className="title"
        >
          check-it-out
        </div>
      </div>
    </li>
    <li>
      <div
        className="project-card-container"
      >
        <div
          className="title"
        >
          branch-note
        </div>
      </div>
    </li>
    <li>
      <div
        className="project-card-container"
      >
        <div
          className="title"
        >
          slng
        </div>
      </div>
    </li>
  </ul>
</div>
`;
